c:\users\jdask\downloads\cg_2_last_labs\cg_2-a806dd099f6820f5fe33b880b2003f826e551033\secondsem_cg\x64\debug\vc145.pdb
c:\users\jdask\downloads\cg_2_last_labs\cg_2-a806dd099f6820f5fe33b880b2003f826e551033\secondsem_cg\x64\debug\vc145.idb
c:\users\jdask\downloads\cg_2_last_labs\cg_2-a806dd099f6820f5fe33b880b2003f826e551033\secondsem_cg\x64\debug\particlesystem.obj
c:\users\jdask\downloads\cg_2_last_labs\cg_2-a806dd099f6820f5fe33b880b2003f826e551033\secondsem_cg\x64\debug\shadowsystem.obj
c:\users\jdask\downloads\cg_2_last_labs\cg_2-a806dd099f6820f5fe33b880b2003f826e551033\secondsem_cg\x64\debug\renderingsystem.obj
c:\users\jdask\downloads\cg_2_last_labs\cg_2-a806dd099f6820f5fe33b880b2003f826e551033\secondsem_cg\x64\debug\gbuffer.obj
c:\users\jdask\downloads\cg_2_last_labs\cg_2-a806dd099f6820f5fe33b880b2003f826e551033\secondsem_cg\x64\debug\textureutil.obj
c:\users\jdask\downloads\cg_2_last_labs\cg_2-a806dd099f6820f5fe33b880b2003f826e551033\secondsem_cg\x64\debug\secondsem_cg.obj
c:\users\jdask\downloads\cg_2_last_labs\cg_2-a806dd099f6820f5fe33b880b2003f826e551033\secondsem_cg\x64\debug\objloader.obj
c:\users\jdask\downloads\cg_2_last_labs\cg_2-a806dd099f6820f5fe33b880b2003f826e551033\secondsem_cg\x64\debug\secondsem_cg.exe
c:\users\jdask\downloads\cg_2_last_labs\cg_2-a806dd099f6820f5fe33b880b2003f826e551033\secondsem_cg\x64\debug\secondsem_cg.pdb
c:\users\jdask\downloads\cg_2_last_labs\cg_2-a806dd099f6820f5fe33b880b2003f826e551033\secondsem_cg\x64\debug\secondsem_cg.ilk
c:\users\jdask\downloads\cg_2_last_labs\cg_2-a806dd099f6820f5fe33b880b2003f826e551033\secondsem_cg\x64\debug\secondsem_cg.tlog\cl.command.1.tlog
c:\users\jdask\downloads\cg_2_last_labs\cg_2-a806dd099f6820f5fe33b880b2003f826e551033\secondsem_cg\x64\debug\secondsem_cg.tlog\cl.items.tlog
c:\users\jdask\downloads\cg_2_last_labs\cg_2-a806dd099f6820f5fe33b880b2003f826e551033\secondsem_cg\x64\debug\secondsem_cg.tlog\cl.read.1.tlog
c:\users\jdask\downloads\cg_2_last_labs\cg_2-a806dd099f6820f5fe33b880b2003f826e551033\secondsem_cg\x64\debug\secondsem_cg.tlog\cl.write.1.tlog
c:\users\jdask\downloads\cg_2_last_labs\cg_2-a806dd099f6820f5fe33b880b2003f826e551033\secondsem_cg\x64\debug\secondsem_cg.tlog\link.command.1.tlog
c:\users\jdask\downloads\cg_2_last_labs\cg_2-a806dd099f6820f5fe33b880b2003f826e551033\secondsem_cg\x64\debug\secondsem_cg.tlog\link.read.1.tlog
c:\users\jdask\downloads\cg_2_last_labs\cg_2-a806dd099f6820f5fe33b880b2003f826e551033\secondsem_cg\x64\debug\secondsem_cg.tlog\link.secondary.1.tlog
c:\users\jdask\downloads\cg_2_last_labs\cg_2-a806dd099f6820f5fe33b880b2003f826e551033\secondsem_cg\x64\debug\secondsem_cg.tlog\link.write.1.tlog
